2026-06-05 14:10:33,548 - INFO - === 绩效分析模块测试 ===
2026-06-05 14:10:33,561 - INFO - 计算的指标:
2026-06-05 14:10:33,561 - INFO -   total_return: 107.2489
2026-06-05 14:10:33,561 - INFO -   annual_return: 46.3448
2026-06-05 14:10:33,561 - INFO -   annual_std: 16.1536
2026-06-05 14:10:33,562 - INFO -   sharpe_ratio: 2.8690
2026-06-05 14:10:33,562 - INFO -   max_drawdown: -7.9039
2026-06-05 14:10:33,563 - INFO -   win_rate: 54.8000
2026-06-05 14:10:33,563 - INFO -   avg_win: 0.8761
2026-06-05 14:10:33,563 - INFO -   avg_loss: -0.7551
2026-06-05 14:10:33,563 - INFO -   profit_factor: 1.1602
2026-06-05 14:10:33,563 - INFO -   recovery_days: 98.0000
2026-06-05 14:10:33,563 - INFO -   total_days: 500.0000
2026-06-05 14:10:33,564 - INFO -   years: 1.9138
2026-06-05 14:10:33,568 - INFO - 绩效报告已保存至: reports\performance_report.txt
2026-06-05 14:10:34,487 - INFO - 净值曲线已保存至: reports\nav_curve.png
2026-06-05 14:10:34,927 - INFO - 回撤曲线已保存至: reports\drawdown_curve.png
2026-06-05 14:10:34,927 - INFO - === 测试完成 ===
2026-06-05 14:28:15,958 - INFO - === 绩效分析模块测试 ===
2026-06-05 14:28:15,970 - INFO - 计算的指标:
2026-06-05 14:28:15,971 - INFO -   total_return: 47.1474
2026-06-05 14:28:15,971 - INFO -   annual_return: 22.3647
2026-06-05 14:28:15,971 - INFO -   annual_std: 15.7466
2026-06-05 14:28:15,971 - INFO -   sharpe_ratio: 1.4203
2026-06-05 14:28:15,971 - INFO -   max_drawdown: -18.9354
2026-06-05 14:28:15,971 - INFO -   win_rate: 51.2000
2026-06-05 14:28:15,972 - INFO -   avg_win: 0.8421
2026-06-05 14:28:15,972 - INFO -   avg_loss: -0.7579
2026-06-05 14:28:15,972 - INFO -   profit_factor: 1.1112
2026-06-05 14:28:15,973 - INFO -   recovery_days: 66.0000
2026-06-05 14:28:15,973 - INFO -   total_days: 500.0000
2026-06-05 14:28:15,973 - INFO -   years: 1.9138
2026-06-05 14:28:15,976 - INFO - 绩效报告已保存至: reports\performance_report.txt
2026-06-05 14:28:16,476 - INFO - 净值曲线已保存至: reports\nav_curve.png
2026-06-05 14:28:16,764 - INFO - 回撤曲线已保存至: reports\drawdown_curve.png
2026-06-05 14:28:16,765 - INFO - === 测试完成 ===
